// Jest Snapshot v1, https://goo.gl/fbAQLP

exports[`Layout Logo getIconByStatus should render component for status joy 1`] = `<Joy />`;

exports[`Layout Logo getIconByStatus should render component for status loved 1`] = `<Loved />`;

exports[`Layout Logo getIconByStatus should render component for status sexy 1`] = `<Sexy />`;

exports[`Layout Logo getIconByStatus should render component for status smiling 1`] = `<Smiling />`;

exports[`Layout Logo getIconByStatus should render component for status sunglasses 1`] = `<Sunglasses />`;

exports[`Layout Logo getIconByStatus should render component for status tongue 1`] = `<Tongue />`;

exports[`Layout should render the component with social buttons 1`] = `
<main
  className="wrap"
>
  <p>
    Some children
  </p>
</main>
`;

exports[`Layout should render the component without social buttons 1`] = `
<main
  className="wrap"
>
  <p>
    Some children
  </p>
</main>
`;
